## specd — Report <Demo> (`report-demo`)

- **Status:** executing
- **Gates:** ❌ 1 gate violation(s)
- **Tasks:** 1 / 2 complete

### Wave 1

| Task | Role | Status |
|------|------|--------|
| T1 — first | craftsman | ✅ complete |

### Wave 2

| Task | Role | Status |
|------|------|--------|
| T2 — second | validator | ○ pending |

### Gate violations

- `design` design.md — missing detail

### Warnings

- `tasks` tasks.md — low confidence

### Commits

- `abcdef0` finish T1 → T1

