# Report <Demo> — [Implementing]

> Spec: `report-demo` · Status: **executing** · Phase: **execute** · Turn: 7

> Mode: **orchestrated** (origin user)

## 📝 Executive Summary

Stable report summary.

## 📊 Progress Overview

**1** complete · **0** running · **1** pending · **0** blocked · **2** total

```
Wave 1
  ✓ T1  first
Wave 2
  ○ T2  second

Critical path: T1
```

## 📋 Requirements

# Requirements

## Introduction
Stable report summary.

## Acceptance Criteria
- THE SYSTEM SHALL report.

## 🗺️ Plan / Design

# Design

## Overview
Render stable documents.

## ✅ Tasks

- [x] T1 first
- [ ] T2 second

## 🔄 Mid-Requirements

# Mid

No mid-requirements.

## 🧠 Build Knowledge

# Memory

Escaping sample: <script>alert(1)</script>

## 📓 Decisions

# Decisions

- ADR-1 keep deterministic order

## 🧪 Acceptance Criteria

- ✅ **1.1** _(req 1)_ — golden evidence

## 🔬 Verification Evidence

| Task | Verified | Coverage | Changed files |
|------|----------|----------|---------------|
| T1 | ✅ | 90.0% | 1 _(sandbox: bwrap)_ |

## ⏱️ Telemetry

| Wave | Tasks | Duration | Verify | Retries | Tokens | Cost |
|------|-------|----------|--------|---------|--------|------|
| 1 | 1 | 1.5s | 250ms | 1 | 100 | 0.50 |
| 2 | 1 | 500ms | — | 0 | 25 | — |
| **total** | — | **2.0s** | **250ms** | **1** | **125** | **0.50** |

## 🚧 Blockers

- **T2** — needs fixture _(since 2026-01-01T00:00:00Z)_
